   56   64   86  102  131  153  181  251  253  256  282  331  335  337  347  356  364  381  420  421  423  428  436  442  448  469  490  501  509  539  545  563  577  588  591  606  607  621  638  676  693  719  720  735  736  773  774  789  792  798  808  819  830  859  863  869  879  886  890  890  926  942  958  961