    3    4   10   30   34   38   47   47   61   80   87   91   93  109  116  129  130  133  147  154  159  196  198  206  210  214  217  236  238  244  259  263  264  265  270  285  292  294  304  321  321  324  330  340  342  350  366  372  372  376  378  380  380  388  404  408  410  417  420  424  425  427  431  450  451  458  471  472  511  519  522  523  531  547  571  572  599  601  613  616  618  671  672  681  694  695  698  709  709  719  732  733  747  757  759  769  772  775  778  781  794  802  829  830  835  839  848  848  858  859  868  880  888  889  906  910  910  912  915  920  931  935  945  945  950  959  971  973