-5 3 6 8 11 25 33 36 43 67 84 86 92 96 99 115 123 218 256 258 403 671 922 963 990 3300 
