朱智佳 100.000
李饶立 98.172
杨少群 95.804
李光泽 93.000
程千兴 89.820
谢荣祥 86.303
林哲斌 82.480
彭秦中 78.373
邱一潮 74.000
杜志伟 69.377
李华均 64.517
吴灿南 59.431
郑志强 54.128
陈竞郴 48.617
李绍江 10.000
黄艳丽 0.000
李福杉 0.000
林剑辉 0.000
林雪勇 0.000
卢丽娜 0.000
罗雄飞 0.000
沈炬 0.000
吴胜杰 0.000
苏桂明 0.000
魏述文 0.000
韩明祥 0.000
陈开珉 0.000
陈贻劲 0.000
郑松波 0.000
