李饶立 100.000
林哲斌 98.172
李绍江 95.804
林剑辉 93.000
李福彬 89.820
谢荣祥 86.303
罗雄飞 82.480
李光泽 78.373
程千兴 74.000
沈炬 69.377
李华均 64.517
黄艳丽 59.431
陈贻劲 54.128
朱智佳 48.617
苏桂明 42.905
魏述文 37.000
杨少群 10.000
卢丽娜 10.000
彭秦中 0.000
陈竞郴 0.000
吴胜杰 0.000
郑志强 0.000
邱一潮 0.000
林雪勇 0.000
吴灿南 0.000
