彭秦中 100.000
朱智佳 98.172
李饶立 95.804
程千兴 93.000
吴胜杰 89.820
李光泽 86.303
李华均 82.480
谢荣祥 78.373
林剑辉 74.000
李绍江 69.377
陈贻劲 10.000
陈开珉 10.000
杨少群 10.000
苏桂明 10.000
魏述文 10.000
邱一潮 10.000
陈竞郴 0.000
杜志伟 0.000
黄艳丽 0.000
李福杉 0.000
林雪勇 0.000
林哲斌 0.000
卢丽娜 0.000
罗雄飞 0.000
沈炬 0.000
吴灿南 0.000
郑志强 0.000
韩明祥 0.000
郑松波 0.000
