          22
        21  23
      20  08  24
    19  07  09  25
  18  06  02  10  26
36  17  01  03  11  27
  36  16  04  12  28
    35  15  13  29
      34  14  30
        33  31
          32
