EEE: 4Kg
CCC: 1Kg
GGG: 3.5Kg
FFF: 7.5Kg
BBB: 2Kg
DDD: 1Kg
AAA: 1Kg
Total price: 30.83
