Good5: 4Kg
Good3: 1.5Kg
Good6: 4Kg
Total price: 16.98
