98 78 67 61 19 
90 45 44 36 17 
67 35 12 10 5 
21 12 8 3 1 
