物品5: 4.5Kg
物品3: 2.2Kg
物品1: 3.8Kg
Total price: 18.99
