EEE: 4Kg
CCC: 1Kg
BBB: 2Kg
DDD: 1Kg
AAA: 7Kg
Total price: 17.33
