    5   13   33   37   80   94  100  131  133  164  182  229  266  291  297  326  346  347  425  452  476  484  513  518  537  541  599  666  693  716  891  918