9318571039857093457098357091835917921773334020086215114484881425645980453702253368495988020887191137910958072323716