10000000000000000000000000000000000000773334020086215114484881425645980453702253368495988020887191137910958072323716