23490850934280503248502348095292371947239749127394723974991375137088847229225690744319590276868361914362270556050600034745323954509833108619211100787159768948697152054068894723133018015726017864567773256727339107648904484703033565431284136025961181280308964970176669089672908653043433544311809092838315519840684413638383488574065568888523488789861802794441680123593082507329514605356217490885410984360571361560670944211144517205744084846571839939706358869383238078383277224635196400
