123aaaaaaaabc^%$%^#$KNKNBVYF^%ER^%&*YIhihoisay894$%^#$KNKNBVYF^%ER^%&*YIhihoisay894$%^#$KNKNBVYF^%ER^%&*YIhihoisay894$%^#$KNKNBVYF^%ER^%&*YIhihoisay894$%^#$KNKNBVYF^%ER^%&*YIhihoisay894$%
