90  225  281  403  514  543  547  646  650  656  712  782  809  840  846  