  ╬жн▓: 1
  м╝н▓: 1
  ╬жйК: 1
  м╝йК: 2
  ╬жио: 1
  м╝ио: 3
