在夜晚的天空中总是有一些闪闪发光的东东飘在天上，其中大部分是星星，但也有的是飞机，有的是孔明灯，还有的是造访地球UFO，现在你的任务是要输出其中有多少个UFO。
