程千兴 100.000
彭秦中 98.172
李光泽 95.804
朱智佳 93.000
沈炬 89.820
黄艳丽 86.303
陈贻劲 82.480
杨少群 78.373
林剑辉 10.000
李福彬 10.000
苏桂明 10.000
魏述文 10.000
李绍江 10.000
李华均 10.000
李饶立 0.000
陈竞郴 0.000
林哲斌 0.000
吴胜杰 0.000
谢荣祥 0.000
郑志强 0.000
罗雄飞 0.000
邱一潮 0.000
卢丽娜 0.000
林雪勇 0.000
吴灿南 0.000
