lxxppqqyyddggskdjfl12xxppqqyyddggxxppqqyyddggxxppqqyyddggbc3xxppqqyyddggxxppqqyyddggxxppqqyyddggxxppqqyyddggxxppqqyyddggxxppqqyyddggbc#$%xxppqqyyddggxxppqqyyddggxxppqqyyddggbc
