  ╬жн▓: 1
  ╬жйК: 1
  м╝йК: 4
  ╬жио: 1
  м╝ио: 4
